[2026-06-10 16:38:15] ========================================
[2026-06-10 16:38:15] Debut sauvegarde — 2026-06-10_16-38-15
[2026-06-10 16:38:15] OK Dump : backup_2026-06-10_16-38-15.sql.gz (8.0K)
[2026-06-10 16:38:15] Backups existants avant nettoyage : 1
[2026-06-10 16:38:17] OK Push GitHub — branche db-backups
[2026-06-10 16:38:17] Fin sauvegarde — 1/10 sauvegardes conservees
[2026-06-10 16:38:17] ========================================
[2026-06-11 02:00:01] ========================================
[2026-06-11 02:00:01] ========================================
[2026-06-11 02:00:01] Debut sauvegarde — 2026-06-11_02-00-01
[2026-06-11 02:00:01] Debut sauvegarde — 2026-06-11_02-00-01
[2026-06-11 02:00:02] OK Dump : backup_2026-06-11_02-00-01.sql.gz (8.0K)
[2026-06-11 02:00:02] OK Dump : backup_2026-06-11_02-00-01.sql.gz (8.0K)
[2026-06-11 02:00:02] Backups existants avant nettoyage : 2
[2026-06-11 02:00:02] Backups existants avant nettoyage : 2
[db-backups 382a5b3] backup: 2026-06-11_02-00-01 — 8.0K — 2/10 fichiers
 2 files changed, 11 insertions(+)
 create mode 100644 backup_2026-06-11_02-00-01.sql.gz
To github.com:Shelton237/USRA-CARE-V2.git
   2c7b218..382a5b3  db-backups -> db-backups
[2026-06-11 02:00:04] OK Push GitHub — branche db-backups
[2026-06-11 02:00:04] OK Push GitHub — branche db-backups
[2026-06-11 02:00:04] Fin sauvegarde — 2/10 sauvegardes conservees
[2026-06-11 02:00:04] Fin sauvegarde — 2/10 sauvegardes conservees
[2026-06-11 02:00:04] ========================================
[2026-06-11 02:00:04] ========================================
[2026-06-12 02:00:01] ========================================
[2026-06-12 02:00:01] ========================================
[2026-06-12 02:00:01] Debut sauvegarde — 2026-06-12_02-00-01
[2026-06-12 02:00:01] Debut sauvegarde — 2026-06-12_02-00-01
[2026-06-12 02:00:01] OK Dump : backup_2026-06-12_02-00-01.sql.gz (8.0K)
[2026-06-12 02:00:01] OK Dump : backup_2026-06-12_02-00-01.sql.gz (8.0K)
[2026-06-12 02:00:01] Backups existants avant nettoyage : 3
[2026-06-12 02:00:01] Backups existants avant nettoyage : 3
[db-backups b946dc8] backup: 2026-06-12_02-00-01 — 8.0K — 3/10 fichiers
 2 files changed, 19 insertions(+)
 create mode 100644 backup_2026-06-12_02-00-01.sql.gz
To github.com:Shelton237/USRA-CARE-V2.git
   382a5b3..b946dc8  db-backups -> db-backups
[2026-06-12 02:00:03] OK Push GitHub — branche db-backups
[2026-06-12 02:00:03] OK Push GitHub — branche db-backups
[2026-06-12 02:00:03] Fin sauvegarde — 3/10 sauvegardes conservees
[2026-06-12 02:00:03] Fin sauvegarde — 3/10 sauvegardes conservees
[2026-06-12 02:00:03] ========================================
[2026-06-12 02:00:03] ========================================
[2026-06-13 02:00:01] ========================================
[2026-06-13 02:00:01] ========================================
[2026-06-13 02:00:01] Debut sauvegarde — 2026-06-13_02-00-01
[2026-06-13 02:00:01] Debut sauvegarde — 2026-06-13_02-00-01
[2026-06-13 02:00:01] OK Dump : backup_2026-06-13_02-00-01.sql.gz (8.0K)
[2026-06-13 02:00:01] OK Dump : backup_2026-06-13_02-00-01.sql.gz (8.0K)
[2026-06-13 02:00:01] Backups existants avant nettoyage : 4
[2026-06-13 02:00:01] Backups existants avant nettoyage : 4
[db-backups 88e4ec7] backup: 2026-06-13_02-00-01 — 8.0K — 4/10 fichiers
 2 files changed, 19 insertions(+)
 create mode 100644 backup_2026-06-13_02-00-01.sql.gz
To github.com:Shelton237/USRA-CARE-V2.git
   b946dc8..88e4ec7  db-backups -> db-backups
[2026-06-13 02:00:03] OK Push GitHub — branche db-backups
[2026-06-13 02:00:03] OK Push GitHub — branche db-backups
[2026-06-13 02:00:03] Fin sauvegarde — 4/10 sauvegardes conservees
[2026-06-13 02:00:03] Fin sauvegarde — 4/10 sauvegardes conservees
[2026-06-13 02:00:03] ========================================
[2026-06-13 02:00:03] ========================================
[2026-06-14 02:00:01] ========================================
[2026-06-14 02:00:01] ========================================
[2026-06-14 02:00:01] Debut sauvegarde — 2026-06-14_02-00-01
[2026-06-14 02:00:01] Debut sauvegarde — 2026-06-14_02-00-01
[2026-06-14 02:00:01] OK Dump : backup_2026-06-14_02-00-01.sql.gz (8.0K)
[2026-06-14 02:00:01] OK Dump : backup_2026-06-14_02-00-01.sql.gz (8.0K)
[2026-06-14 02:00:01] Backups existants avant nettoyage : 5
[2026-06-14 02:00:01] Backups existants avant nettoyage : 5
[db-backups cffc038] backup: 2026-06-14_02-00-01 — 8.0K — 5/10 fichiers
 2 files changed, 19 insertions(+)
 create mode 100644 backup_2026-06-14_02-00-01.sql.gz
To github.com:Shelton237/USRA-CARE-V2.git
   88e4ec7..cffc038  db-backups -> db-backups
[2026-06-14 02:00:03] OK Push GitHub — branche db-backups
[2026-06-14 02:00:03] OK Push GitHub — branche db-backups
[2026-06-14 02:00:03] Fin sauvegarde — 5/10 sauvegardes conservees
[2026-06-14 02:00:03] Fin sauvegarde — 5/10 sauvegardes conservees
[2026-06-14 02:00:03] ========================================
[2026-06-14 02:00:03] ========================================
[2026-06-15 02:00:01] ========================================
[2026-06-15 02:00:01] ========================================
[2026-06-15 02:00:01] Debut sauvegarde — 2026-06-15_02-00-01
[2026-06-15 02:00:01] Debut sauvegarde — 2026-06-15_02-00-01
[2026-06-15 02:00:01] OK Dump : backup_2026-06-15_02-00-01.sql.gz (8.0K)
[2026-06-15 02:00:01] OK Dump : backup_2026-06-15_02-00-01.sql.gz (8.0K)
[2026-06-15 02:00:01] Backups existants avant nettoyage : 6
[2026-06-15 02:00:01] Backups existants avant nettoyage : 6
[db-backups bf9f7f3] backup: 2026-06-15_02-00-01 — 8.0K — 6/10 fichiers
 2 files changed, 19 insertions(+)
 create mode 100644 backup_2026-06-15_02-00-01.sql.gz
To github.com:Shelton237/USRA-CARE-V2.git
   cffc038..bf9f7f3  db-backups -> db-backups
[2026-06-15 02:00:03] OK Push GitHub — branche db-backups
[2026-06-15 02:00:03] OK Push GitHub — branche db-backups
[2026-06-15 02:00:03] Fin sauvegarde — 6/10 sauvegardes conservees
[2026-06-15 02:00:03] Fin sauvegarde — 6/10 sauvegardes conservees
[2026-06-15 02:00:03] ========================================
[2026-06-15 02:00:03] ========================================
[2026-06-16 02:00:01] ========================================
[2026-06-16 02:00:01] ========================================
[2026-06-16 02:00:01] Debut sauvegarde — 2026-06-16_02-00-01
[2026-06-16 02:00:01] Debut sauvegarde — 2026-06-16_02-00-01
[2026-06-16 02:00:01] OK Dump : backup_2026-06-16_02-00-01.sql.gz (12K)
[2026-06-16 02:00:01] OK Dump : backup_2026-06-16_02-00-01.sql.gz (12K)
[2026-06-16 02:00:01] Backups existants avant nettoyage : 7
[2026-06-16 02:00:01] Backups existants avant nettoyage : 7
[db-backups 6fe4fdb] backup: 2026-06-16_02-00-01 — 12K — 7/10 fichiers
 2 files changed, 19 insertions(+)
 create mode 100644 backup_2026-06-16_02-00-01.sql.gz
To github.com:Shelton237/USRA-CARE-V2.git
   bf9f7f3..6fe4fdb  db-backups -> db-backups
[2026-06-16 02:00:03] OK Push GitHub — branche db-backups
[2026-06-16 02:00:03] OK Push GitHub — branche db-backups
[2026-06-16 02:00:03] Fin sauvegarde — 7/10 sauvegardes conservees
[2026-06-16 02:00:03] Fin sauvegarde — 7/10 sauvegardes conservees
[2026-06-16 02:00:03] ========================================
[2026-06-16 02:00:03] ========================================
[2026-06-17 02:00:02] ========================================
[2026-06-17 02:00:02] ========================================
[2026-06-17 02:00:02] Debut sauvegarde — 2026-06-17_02-00-02
[2026-06-17 02:00:02] Debut sauvegarde — 2026-06-17_02-00-02
[2026-06-17 02:00:02] OK Dump : backup_2026-06-17_02-00-02.sql.gz (12K)
[2026-06-17 02:00:02] OK Dump : backup_2026-06-17_02-00-02.sql.gz (12K)
[2026-06-17 02:00:02] Backups existants avant nettoyage : 8
[2026-06-17 02:00:02] Backups existants avant nettoyage : 8
[db-backups 0e9d7c1] backup: 2026-06-17_02-00-02 — 12K — 8/10 fichiers
 2 files changed, 19 insertions(+)
 create mode 100644 backup_2026-06-17_02-00-02.sql.gz
To github.com:Shelton237/USRA-CARE-V2.git
   6fe4fdb..0e9d7c1  db-backups -> db-backups
[2026-06-17 02:00:05] OK Push GitHub — branche db-backups
[2026-06-17 02:00:05] OK Push GitHub — branche db-backups
[2026-06-17 02:00:05] Fin sauvegarde — 8/10 sauvegardes conservees
[2026-06-17 02:00:05] Fin sauvegarde — 8/10 sauvegardes conservees
[2026-06-17 02:00:05] ========================================
[2026-06-17 02:00:05] ========================================
[2026-06-18 02:00:02] ========================================
[2026-06-18 02:00:02] ========================================
[2026-06-18 02:00:02] Debut sauvegarde — 2026-06-18_02-00-02
[2026-06-18 02:00:02] Debut sauvegarde — 2026-06-18_02-00-02
[2026-06-18 02:00:02] OK Dump : backup_2026-06-18_02-00-02.sql.gz (12K)
[2026-06-18 02:00:02] OK Dump : backup_2026-06-18_02-00-02.sql.gz (12K)
[2026-06-18 02:00:02] Backups existants avant nettoyage : 9
[2026-06-18 02:00:02] Backups existants avant nettoyage : 9
